// Jest Snapshot v1, https://goo.gl/fbAQLP

exports[`App should have match snapshot if isLoading is true 1`] = `ShallowWrapper {}`;

exports[`App should have match snapshot if there is an error 1`] = `ShallowWrapper {}`;

exports[`App should match the snapshot 1`] = `ShallowWrapper {}`;
