// Jest Snapshot v1, https://goo.gl/fbAQLP

exports[`GoogleMap should match the snapshot 1`] = `ShallowWrapper {}`;
